// Jest Snapshot v1, https://goo.gl/fbAQLP

exports[`shold render the HomePage component 1`] = `
<div>
  <p>
    wlecom in the expencive app "Home page"
  </p>
  <Connect(ExpenseListFilters) />
  <Connect(ExpenseList) />
</div>
`;
