// Jest Snapshot v1, https://goo.gl/fbAQLP

exports[`should render notfound component 1`] = `
<div>
  <h1>
    404!
  </h1>
  <Link
    to="/"
  >
     Go home
  </Link>
</div>
`;
